
[1] Parse the real calendar
  PASS  155 events parsed
  PASS  all events have a parsed DTSTART
  PASS  legacy team-pair keys derived

[2] Filtering rules
  PASS  Chelsea vs Everton dropped (no followed club)
  PASS  Ajax vs Sporting CP dropped (not UCL shortlist)
  PASS  Real Madrid vs Liverpool kept (UCL shortlist)
  PASS  USWNT friendly kept
  PASS  5 fixtures survive filtering

[3] Merge against the real calendar
      added=3 updated=1 unchanged=0 preserved=154 skipped_past=1
  PASS  past Croatia friendly NOT back-added
  PASS  3 genuinely new fixtures added
  PASS  existing Arsenal fixture matched, not duplicated
  PASS  no duplicate Arsenal vs Coventry

[4] Round-trip the output
  PASS  round-trips to same event count
  PASS  no alerts present
  PASS  uses America/New_York TZID
  PASS  all lines folded to <=75 octets
  PASS  CRLF line endings

[5] Idempotence: re-run against its own output
  PASS  second run adds nothing
  PASS  second run changes nothing
  PASS  event count stable

[6] A kickoff-time change updates in place
  PASS  time change = update, not duplicate
  PASS  count unchanged after reschedule

[7] Prune only touches future events in fetched competitions
  PASS  past events never pruned
  PASS  legacy events (no X-SOCCERCAL-COMP) survive prune

ALL CHECKS PASSED
